INFO: [VRFC 10-2263] Analyzing Verilog file "C:/Users/Dell/Downloads/Log_Mulitplier/Log_Mulitplier/Log_Mulitplier.srcs/sources_1/new/Adder.v" into library xil_defaultlib
INFO: [VRFC 10-311] analyzing module Adder
INFO: [VRFC 10-2263] Analyzing Verilog file "C:/Users/Dell/Downloads/Log_Mulitplier/Log_Mulitplier/Log_Mulitplier.srcs/sources_1/new/Log_Multiplier.v" into library xil_defaultlib
INFO: [VRFC 10-311] analyzing module Log_Multiplier
INFO: [VRFC 10-2263] Analyzing Verilog file "C:/Users/Dell/Downloads/Log_Mulitplier/Log_Mulitplier/Log_Mulitplier.srcs/sources_1/new/Mux_for_priority_encoder.v" into library xil_defaultlib
INFO: [VRFC 10-311] analyzing module Mux_for_priority_encoder
INFO: [VRFC 10-2263] Analyzing Verilog file "C:/Users/Dell/Downloads/Log_Mulitplier/Log_Mulitplier/Log_Mulitplier.srcs/sources_1/new/Mux_result_production.v" into library xil_defaultlib
INFO: [VRFC 10-311] analyzing module Mux_result_production
INFO: [VRFC 10-2263] Analyzing Verilog file "C:/Users/Dell/Downloads/Log_Mulitplier/Log_Mulitplier/Log_Mulitplier.srcs/sources_1/new/Shift_result_production_new.v" into library xil_defaultlib
INFO: [VRFC 10-311] analyzing module Shift_result_production_new
INFO: [VRFC 10-2263] Analyzing Verilog file "C:/Users/Dell/Downloads/Log_Mulitplier/Log_Mulitplier/Log_Mulitplier.srcs/sources_1/new/Shifter.v" into library xil_defaultlib
INFO: [VRFC 10-311] analyzing module Shifter
INFO: [VRFC 10-2263] Analyzing Verilog file "C:/Users/Dell/Downloads/Log_Mulitplier/Log_Mulitplier/Log_Mulitplier.srcs/sources_1/new/Shifter_result_production.v" into library xil_defaultlib
INFO: [VRFC 10-311] analyzing module Shifter_result_production
INFO: [VRFC 10-2263] Analyzing Verilog file "C:/Users/Dell/Downloads/Log_Mulitplier/Log_Mulitplier/Log_Mulitplier.srcs/sources_1/new/mux_result_production_new.v" into library xil_defaultlib
INFO: [VRFC 10-311] analyzing module mux_result_production_new
INFO: [VRFC 10-2263] Analyzing Verilog file "C:/Users/Dell/Downloads/Log_Mulitplier/Log_Mulitplier/Log_Mulitplier.srcs/sources_1/new/priority_encoder_1.v" into library xil_defaultlib
INFO: [VRFC 10-311] analyzing module priority_encoder_1
INFO: [VRFC 10-2263] Analyzing Verilog file "C:/Users/Dell/Downloads/Log_Mulitplier/Log_Mulitplier/Log_Mulitplier.srcs/sources_1/new/priority_encoder_2.v" into library xil_defaultlib
INFO: [VRFC 10-311] analyzing module priority_encoder_valid
INFO: [VRFC 10-2263] Analyzing Verilog file "C:/Users/Dell/Downloads/Log_Mulitplier/Log_Mulitplier/Log_Mulitplier.srcs/sim_1/new/Log_multiplier_tb.v" into library xil_defaultlib
INFO: [VRFC 10-311] analyzing module Log_multiplier_tb
