Copyright 1986-2019 Xilinx, Inc. All Rights Reserved.
--------------------------------------------------------------------------------------------------------------------------------------------------------------------------------
| Tool Version : Vivado v.2019.2 (win64) Build 2708876 Wed Nov  6 21:40:23 MST 2019
| Date         : Mon Jun 23 17:56:26 2025
| Host         : Jainil running 64-bit major release  (build 9200)
| Command      : report_methodology -file Log_Multiplier_methodology_drc_routed.rpt -pb Log_Multiplier_methodology_drc_routed.pb -rpx Log_Multiplier_methodology_drc_routed.rpx
| Design       : Log_Multiplier
| Device       : xc7a100tcsg324-1
| Speed File   : -1
| Design State : Fully Routed
--------------------------------------------------------------------------------------------------------------------------------------------------------------------------------

Report Methodology

Table of Contents
-----------------
1. REPORT SUMMARY
2. REPORT DETAILS

1. REPORT SUMMARY
-----------------
            Netlist: netlist
          Floorplan: design_1
      Design limits: <entire design considered>
             Max violations: <unlimited>
             Violations found: 6
+-----------+----------+-------------------+------------+
| Rule      | Severity | Description       | Violations |
+-----------+----------+-------------------+------------+
| TIMING-20 | Warning  | Non-clocked latch | 6          |
+-----------+----------+-------------------+------------+

2. REPORT DETAILS
-----------------
TIMING-20#1 Warning
Non-clocked latch  
The latch a_v/O_reg[0] cannot be properly analyzed as its control pin a_v/O_reg[0]/G is not reached by a timing clock
Related violations: <none>

TIMING-20#2 Warning
Non-clocked latch  
The latch a_v/O_reg[1] cannot be properly analyzed as its control pin a_v/O_reg[1]/G is not reached by a timing clock
Related violations: <none>

TIMING-20#3 Warning
Non-clocked latch  
The latch a_v/O_reg[2] cannot be properly analyzed as its control pin a_v/O_reg[2]/G is not reached by a timing clock
Related violations: <none>

TIMING-20#4 Warning
Non-clocked latch  
The latch b_v/O_reg[0] cannot be properly analyzed as its control pin b_v/O_reg[0]/G is not reached by a timing clock
Related violations: <none>

TIMING-20#5 Warning
Non-clocked latch  
The latch b_v/O_reg[1] cannot be properly analyzed as its control pin b_v/O_reg[1]/G is not reached by a timing clock
Related violations: <none>

TIMING-20#6 Warning
Non-clocked latch  
The latch b_v/O_reg[2] cannot be properly analyzed as its control pin b_v/O_reg[2]/G is not reached by a timing clock
Related violations: <none>


