#-----------------------------------------------------------
# Vivado v2019.2 (64-bit)
# SW Build 2708876 on Wed Nov  6 21:40:23 MST 2019
# IP Build 2700528 on Thu Nov  7 00:09:20 MST 2019
# Start of session at: Sun Mar  9 21:20:47 2025
# Process ID: 16004
# Current directory: C:/Users/Dell/Downloads/Log_Mulitplier/Log_Mulitplier
# Command line: vivado.exe -gui_launcher_event rodinguilauncherevent9664 C:\Users\Dell\Downloads\Log_Mulitplier\Log_Mulitplier\Log_Mulitplier.xpr
# Log file: C:/Users/Dell/Downloads/Log_Mulitplier/Log_Mulitplier/vivado.log
# Journal file: C:/Users/Dell/Downloads/Log_Mulitplier/Log_Mulitplier\vivado.jou
#-----------------------------------------------------------
start_gui
open_project C:/Users/Dell/Downloads/Log_Mulitplier/Log_Mulitplier/Log_Mulitplier.xpr
INFO: [Project 1-313] Project file moved from 'C:/Users/adars/Log_Mulitplier' since last save.
Scanning sources...
Finished scanning sources
WARNING: [filemgmt 56-2] Board Part Repository Path: Could not find the directory 'C:/Users/Dell/Downloads/Log_Mulitplier/AppData/Roaming/Xilinx/Vivado/2019.2/xhub/board_store', nor could it be found using path 'C:/Users/adars/AppData/Roaming/Xilinx/Vivado/2019.2/xhub/board_store'.
CRITICAL WARNING: [Board 49-67] The board_part definition was not found for digilentinc.com:nexys4_ddr:part0:1.1. This can happen sometimes when you use custom board part. You can resolve this issue by setting 'board.repoPaths' parameter, pointing to the location of custom board files. Valid board_part values can be retrieved with the 'get_board_parts' Tcl command.
INFO: [IP_Flow 19-234] Refreshing IP repositories
INFO: [IP_Flow 19-1704] No user IP repositories specified
INFO: [IP_Flow 19-2313] Loaded Vivado IP repository 'C:/Xilinx/Vivado/2019.2/data/ip'.
open_project: Time (s): cpu = 00:00:29 ; elapsed = 00:00:24 . Memory (MB): peak = 855.785 ; gain = 257.457
update_compile_order -fileset sources_1
launch_simulation
Command: launch_simulation 
INFO: [Vivado 12-5682] Launching behavioral simulation in 'C:/Users/Dell/Downloads/Log_Mulitplier/Log_Mulitplier/Log_Mulitplier.sim/sim_1/behav/xsim'
INFO: [SIM-utils-51] Simulation object is 'sim_1'
INFO: [SIM-utils-54] Inspecting design source files for 'Log_multiplier_tb' in fileset 'sim_1'...
INFO: [USF-XSim-97] Finding global include files...
INFO: [USF-XSim-98] Fetching design files from 'sim_1'...
INFO: [USF-XSim-2] XSim::Compile design
INFO: [USF-XSim-61] Executing 'COMPILE and ANALYZE' step in 'C:/Users/Dell/Downloads/Log_Mulitplier/Log_Mulitplier/Log_Mulitplier.sim/sim_1/behav/xsim'
"xvlog --incr --relax -prj Log_multiplier_tb_vlog.prj"
INFO: [VRFC 10-2263] Analyzing Verilog file "C:/Users/Dell/Downloads/Log_Mulitplier/Log_Mulitplier/Log_Mulitplier.srcs/sources_1/new/Adder.v" into library xil_defaultlib
INFO: [VRFC 10-311] analyzing module Adder
INFO: [VRFC 10-2263] Analyzing Verilog file "C:/Users/Dell/Downloads/Log_Mulitplier/Log_Mulitplier/Log_Mulitplier.srcs/sources_1/new/Log_Multiplier.v" into library xil_defaultlib
INFO: [VRFC 10-311] analyzing module Log_Multiplier
INFO: [VRFC 10-2263] Analyzing Verilog file "C:/Users/Dell/Downloads/Log_Mulitplier/Log_Mulitplier/Log_Mulitplier.srcs/sources_1/new/Mux_for_priority_encoder.v" into library xil_defaultlib
INFO: [VRFC 10-311] analyzing module Mux_for_priority_encoder
INFO: [VRFC 10-2263] Analyzing Verilog file "C:/Users/Dell/Downloads/Log_Mulitplier/Log_Mulitplier/Log_Mulitplier.srcs/sources_1/new/Mux_result_production.v" into library xil_defaultlib
INFO: [VRFC 10-311] analyzing module Mux_result_production
INFO: [VRFC 10-2263] Analyzing Verilog file "C:/Users/Dell/Downloads/Log_Mulitplier/Log_Mulitplier/Log_Mulitplier.srcs/sources_1/new/Shifter.v" into library xil_defaultlib
INFO: [VRFC 10-311] analyzing module Shifter
INFO: [VRFC 10-2263] Analyzing Verilog file "C:/Users/Dell/Downloads/Log_Mulitplier/Log_Mulitplier/Log_Mulitplier.srcs/sources_1/new/Shifter_result_production.v" into library xil_defaultlib
INFO: [VRFC 10-311] analyzing module Shifter_result_production
INFO: [VRFC 10-2263] Analyzing Verilog file "C:/Users/Dell/Downloads/Log_Mulitplier/Log_Mulitplier/Log_Mulitplier.srcs/sources_1/new/priority_encoder_1.v" into library xil_defaultlib
INFO: [VRFC 10-311] analyzing module priority_encoder_1
INFO: [VRFC 10-2263] Analyzing Verilog file "C:/Users/Dell/Downloads/Log_Mulitplier/Log_Mulitplier/Log_Mulitplier.srcs/sources_1/new/priority_encoder_2.v" into library xil_defaultlib
INFO: [VRFC 10-311] analyzing module priority_encoder_valid
INFO: [VRFC 10-2263] Analyzing Verilog file "C:/Users/Dell/Downloads/Log_Mulitplier/Log_Mulitplier/Log_Mulitplier.srcs/sim_1/new/Log_multiplier_tb.v" into library xil_defaultlib
INFO: [VRFC 10-311] analyzing module Log_multiplier_tb
INFO: [VRFC 10-2263] Analyzing Verilog file "C:/Users/Dell/Downloads/Log_Mulitplier/Log_Mulitplier/Log_Mulitplier.sim/sim_1/behav/xsim/glbl.v" into library xil_defaultlib
INFO: [VRFC 10-311] analyzing module glbl
run_program: Time (s): cpu = 00:00:02 ; elapsed = 00:00:57 . Memory (MB): peak = 878.688 ; gain = 0.000
