#-----------------------------------------------------------
# Vivado v2019.2 (64-bit)
# SW Build 2708876 on Wed Nov  6 21:40:23 MST 2019
# IP Build 2700528 on Thu Nov  7 00:09:20 MST 2019
# Start of session at: Fri Jun 20 15:46:33 2025
# Process ID: 14404
# Current directory: C:/Users/LABAdmin/Downloads/Log_Mulitplier/Log_Mulitplier/Log_Mulitplier
# Command line: vivado.exe -gui_launcher_event rodinguilauncherevent20632 C:\Users\LABAdmin\Downloads\Log_Mulitplier\Log_Mulitplier\Log_Mulitplier\Log_Mulitplier.xpr
# Log file: C:/Users/LABAdmin/Downloads/Log_Mulitplier/Log_Mulitplier/Log_Mulitplier/vivado.log
# Journal file: C:/Users/LABAdmin/Downloads/Log_Mulitplier/Log_Mulitplier/Log_Mulitplier\vivado.jou
#-----------------------------------------------------------
start_gui
open_project C:/Users/LABAdmin/Downloads/Log_Mulitplier/Log_Mulitplier/Log_Mulitplier/Log_Mulitplier.xpr
Scanning sources...
Finished scanning sources
WARNING: [filemgmt 56-3] Board Part Repository Path: Could not find the directory 'C:/Users/LABAdmin/Downloads/Log_Mulitplier/Log_Mulitplier/AppData/Roaming/Xilinx/Vivado/2019.2/xhub/board_store'.
INFO: [IP_Flow 19-234] Refreshing IP repositories
INFO: [IP_Flow 19-1704] No user IP repositories specified
INFO: [IP_Flow 19-2313] Loaded Vivado IP repository 'C:/Xilinx/Vivado/2019.2/data/ip'.
update_compile_order -fileset sources_1
launch_simulation
Command: launch_simulation 
INFO: [Vivado 12-5682] Launching behavioral simulation in 'C:/Users/LABAdmin/Downloads/Log_Mulitplier/Log_Mulitplier/Log_Mulitplier/Log_Mulitplier.sim/sim_1/behav/xsim'
INFO: [SIM-utils-51] Simulation object is 'sim_1'
INFO: [SIM-utils-54] Inspecting design source files for 'Log_multiplier_tb' in fileset 'sim_1'...
INFO: [USF-XSim-97] Finding global include files...
INFO: [USF-XSim-98] Fetching design files from 'sim_1'...
INFO: [USF-XSim-2] XSim::Compile design
INFO: [USF-XSim-61] Executing 'COMPILE and ANALYZE' step in 'C:/Users/LABAdmin/Downloads/Log_Mulitplier/Log_Mulitplier/Log_Mulitplier/Log_Mulitplier.sim/sim_1/behav/xsim'
"xvlog --incr --relax -prj Log_multiplier_tb_vlog.prj"
INFO: [VRFC 10-2263] Analyzing Verilog file "C:/Users/LABAdmin/Downloads/Log_Mulitplier/Log_Mulitplier/Log_Mulitplier/Log_Mulitplier.srcs/sources_1/new/Adder.v" into library xil_defaultlib
INFO: [VRFC 10-311] analyzing module Adder
INFO: [VRFC 10-2263] Analyzing Verilog file "C:/Users/LABAdmin/Downloads/Log_Mulitplier/Log_Mulitplier/Log_Mulitplier/Log_Mulitplier.srcs/sources_1/new/Log_Multiplier.v" into library xil_defaultlib
INFO: [VRFC 10-311] analyzing module Log_Multiplier
INFO: [VRFC 10-2263] Analyzing Verilog file "C:/Users/LABAdmin/Downloads/Log_Mulitplier/Log_Mulitplier/Log_Mulitplier/Log_Mulitplier.srcs/sources_1/new/Mux_for_priority_encoder.v" into library xil_defaultlib
INFO: [VRFC 10-311] analyzing module Mux_for_priority_encoder
INFO: [VRFC 10-2263] Analyzing Verilog file "C:/Users/LABAdmin/Downloads/Log_Mulitplier/Log_Mulitplier/Log_Mulitplier/Log_Mulitplier.srcs/sources_1/new/Mux_result_production.v" into library xil_defaultlib
INFO: [VRFC 10-311] analyzing module Mux_result_production
INFO: [VRFC 10-2263] Analyzing Verilog file "C:/Users/LABAdmin/Downloads/Log_Mulitplier/Log_Mulitplier/Log_Mulitplier/Log_Mulitplier.srcs/sources_1/new/Shifter.v" into library xil_defaultlib
INFO: [VRFC 10-311] analyzing module Shifter
INFO: [VRFC 10-2263] Analyzing Verilog file "C:/Users/LABAdmin/Downloads/Log_Mulitplier/Log_Mulitplier/Log_Mulitplier/Log_Mulitplier.srcs/sources_1/new/Shifter_result_production.v" into library xil_defaultlib
INFO: [VRFC 10-311] analyzing module Shifter_result_production
INFO: [VRFC 10-2263] Analyzing Verilog file "C:/Users/LABAdmin/Downloads/Log_Mulitplier/Log_Mulitplier/Log_Mulitplier/Log_Mulitplier.srcs/sources_1/new/priority_encoder_1.v" into library xil_defaultlib
INFO: [VRFC 10-311] analyzing module priority_encoder_1
INFO: [VRFC 10-2263] Analyzing Verilog file "C:/Users/LABAdmin/Downloads/Log_Mulitplier/Log_Mulitplier/Log_Mulitplier/Log_Mulitplier.srcs/sources_1/new/priority_encoder_2.v" into library xil_defaultlib
INFO: [VRFC 10-311] analyzing module priority_encoder_valid
INFO: [VRFC 10-2263] Analyzing Verilog file "C:/Users/LABAdmin/Downloads/Log_Mulitplier/Log_Mulitplier/Log_Mulitplier/Log_Mulitplier.srcs/sim_1/new/Log_multiplier_tb.v" into library xil_defaultlib
INFO: [VRFC 10-311] analyzing module Log_multiplier_tb
INFO: [USF-XSim-69] 'compile' step finished in '2' seconds
INFO: [USF-XSim-3] XSim::Elaborate design
INFO: [USF-XSim-61] Executing 'ELABORATE' step in 'C:/Users/LABAdmin/Downloads/Log_Mulitplier/Log_Mulitplier/Log_Mulitplier/Log_Mulitplier.sim/sim_1/behav/xsim'
"xelab -wto 7ef8a29d3bcd4d188a052ae5989056c6 --incr --debug typical --relax --mt 2 -L xil_defaultlib -L unisims_ver -L unimacro_ver -L secureip --snapshot Log_multiplier_tb_behav xil_defaultlib.Log_multiplier_tb xil_defaultlib.glbl -log elaborate.log"
Vivado Simulator 2019.2
Copyright 1986-1999, 2001-2019 Xilinx, Inc. All Rights Reserved.
Running: C:/Xilinx/Vivado/2019.2/bin/unwrapped/win64.o/xelab.exe -wto 7ef8a29d3bcd4d188a052ae5989056c6 --incr --debug typical --relax --mt 2 -L xil_defaultlib -L unisims_ver -L unimacro_ver -L secureip --snapshot Log_multiplier_tb_behav xil_defaultlib.Log_multiplier_tb xil_defaultlib.glbl -log elaborate.log 
Using 2 slave threads.
Starting static elaboration
Pass Through NonSizing Optimizer
WARNING: [VRFC 10-5021] port 'clk' is not connected on this instance [C:/Users/LABAdmin/Downloads/Log_Mulitplier/Log_Mulitplier/Log_Mulitplier/Log_Mulitplier.srcs/sim_1/new/Log_multiplier_tb.v:27]
Completed static elaboration
Starting simulation data flow analysis
Completed simulation data flow analysis
Time Resolution for simulation is 1ps
Compiling module xil_defaultlib.priority_encoder_1
Compiling module xil_defaultlib.priority_encoder_valid
Compiling module xil_defaultlib.Mux_for_priority_encoder
Compiling module xil_defaultlib.Shifter
Compiling module xil_defaultlib.Adder
Compiling module xil_defaultlib.Mux_result_production
Compiling module xil_defaultlib.Shifter_result_production
Compiling module xil_defaultlib.Log_Multiplier
Compiling module xil_defaultlib.Log_multiplier_tb
Compiling module xil_defaultlib.glbl
Built simulation snapshot Log_multiplier_tb_behav
INFO: [USF-XSim-69] 'elaborate' step finished in '4' seconds
INFO: [USF-XSim-4] XSim::Simulate design
INFO: [USF-XSim-61] Executing 'SIMULATE' step in 'C:/Users/LABAdmin/Downloads/Log_Mulitplier/Log_Mulitplier/Log_Mulitplier/Log_Mulitplier.sim/sim_1/behav/xsim'
INFO: [USF-XSim-98] *** Running xsim
   with args "Log_multiplier_tb_behav -key {Behavioral:sim_1:Functional:Log_multiplier_tb} -tclbatch {Log_multiplier_tb.tcl} -log {simulate.log}"
INFO: [USF-XSim-8] Loading simulator feature
Vivado Simulator 2019.2
Time resolution is 1 ps
source Log_multiplier_tb.tcl
# set curr_wave [current_wave_config]
# if { [string length $curr_wave] == 0 } {
#   if { [llength [get_objects]] > 0} {
#     add_wave /
#     set_property needs_save false [current_wave_config]
#   } else {
#      send_msg_id Add_Wave-1 WARNING "No top level signals found. Simulator will start without a wave window. If you want to open a wave window go to 'File->New Waveform Configuration' or type 'create_wave_config' in the TCL console."
#   }
# }
# run 1000ns
INFO: [USF-XSim-96] XSim completed. Design snapshot 'Log_multiplier_tb_behav' loaded.
INFO: [USF-XSim-97] XSim simulation ran for 1000ns
launch_simulation: Time (s): cpu = 00:00:04 ; elapsed = 00:00:09 . Memory (MB): peak = 1166.504 ; gain = 56.316
close_sim
INFO: [Simtcl 6-16] Simulation closed
launch_simulation
Command: launch_simulation 
INFO: [Vivado 12-5682] Launching behavioral simulation in 'C:/Users/LABAdmin/Downloads/Log_Mulitplier/Log_Mulitplier/Log_Mulitplier/Log_Mulitplier.sim/sim_1/behav/xsim'
INFO: [SIM-utils-51] Simulation object is 'sim_1'
INFO: [SIM-utils-54] Inspecting design source files for 'Log_multiplier_tb' in fileset 'sim_1'...
INFO: [USF-XSim-97] Finding global include files...
INFO: [USF-XSim-98] Fetching design files from 'sim_1'...
INFO: [USF-XSim-2] XSim::Compile design
INFO: [USF-XSim-61] Executing 'COMPILE and ANALYZE' step in 'C:/Users/LABAdmin/Downloads/Log_Mulitplier/Log_Mulitplier/Log_Mulitplier/Log_Mulitplier.sim/sim_1/behav/xsim'
"xvlog --incr --relax -prj Log_multiplier_tb_vlog.prj"
INFO: [VRFC 10-2263] Analyzing Verilog file "C:/Users/LABAdmin/Downloads/Log_Mulitplier/Log_Mulitplier/Log_Mulitplier/Log_Mulitplier.srcs/sources_1/new/Adder.v" into library xil_defaultlib
INFO: [VRFC 10-311] analyzing module Adder
INFO: [VRFC 10-2263] Analyzing Verilog file "C:/Users/LABAdmin/Downloads/Log_Mulitplier/Log_Mulitplier/Log_Mulitplier/Log_Mulitplier.srcs/sources_1/new/Log_Multiplier.v" into library xil_defaultlib
INFO: [VRFC 10-311] analyzing module Log_Multiplier
INFO: [VRFC 10-2263] Analyzing Verilog file "C:/Users/LABAdmin/Downloads/Log_Mulitplier/Log_Mulitplier/Log_Mulitplier/Log_Mulitplier.srcs/sources_1/new/Mux_for_priority_encoder.v" into library xil_defaultlib
INFO: [VRFC 10-311] analyzing module Mux_for_priority_encoder
INFO: [VRFC 10-2263] Analyzing Verilog file "C:/Users/LABAdmin/Downloads/Log_Mulitplier/Log_Mulitplier/Log_Mulitplier/Log_Mulitplier.srcs/sources_1/new/Mux_result_production.v" into library xil_defaultlib
INFO: [VRFC 10-311] analyzing module Mux_result_production
INFO: [VRFC 10-2263] Analyzing Verilog file "C:/Users/LABAdmin/Downloads/Log_Mulitplier/Log_Mulitplier/Log_Mulitplier/Log_Mulitplier.srcs/sources_1/new/Shifter.v" into library xil_defaultlib
INFO: [VRFC 10-311] analyzing module Shifter
INFO: [VRFC 10-2263] Analyzing Verilog file "C:/Users/LABAdmin/Downloads/Log_Mulitplier/Log_Mulitplier/Log_Mulitplier/Log_Mulitplier.srcs/sources_1/new/Shifter_result_production.v" into library xil_defaultlib
INFO: [VRFC 10-311] analyzing module Shifter_result_production
INFO: [VRFC 10-2263] Analyzing Verilog file "C:/Users/LABAdmin/Downloads/Log_Mulitplier/Log_Mulitplier/Log_Mulitplier/Log_Mulitplier.srcs/sources_1/new/priority_encoder_1.v" into library xil_defaultlib
INFO: [VRFC 10-311] analyzing module priority_encoder_1
INFO: [VRFC 10-2263] Analyzing Verilog file "C:/Users/LABAdmin/Downloads/Log_Mulitplier/Log_Mulitplier/Log_Mulitplier/Log_Mulitplier.srcs/sources_1/new/priority_encoder_2.v" into library xil_defaultlib
INFO: [VRFC 10-311] analyzing module priority_encoder_valid
INFO: [VRFC 10-2263] Analyzing Verilog file "C:/Users/LABAdmin/Downloads/Log_Mulitplier/Log_Mulitplier/Log_Mulitplier/Log_Mulitplier.srcs/sim_1/new/Log_multiplier_tb.v" into library xil_defaultlib
INFO: [VRFC 10-311] analyzing module Log_multiplier_tb
INFO: [USF-XSim-69] 'compile' step finished in '4' seconds
INFO: [USF-XSim-3] XSim::Elaborate design
INFO: [USF-XSim-61] Executing 'ELABORATE' step in 'C:/Users/LABAdmin/Downloads/Log_Mulitplier/Log_Mulitplier/Log_Mulitplier/Log_Mulitplier.sim/sim_1/behav/xsim'
"xelab -wto 7ef8a29d3bcd4d188a052ae5989056c6 --incr --debug typical --relax --mt 2 -L xil_defaultlib -L unisims_ver -L unimacro_ver -L secureip --snapshot Log_multiplier_tb_behav xil_defaultlib.Log_multiplier_tb xil_defaultlib.glbl -log elaborate.log"
Vivado Simulator 2019.2
Copyright 1986-1999, 2001-2019 Xilinx, Inc. All Rights Reserved.
Running: C:/Xilinx/Vivado/2019.2/bin/unwrapped/win64.o/xelab.exe -wto 7ef8a29d3bcd4d188a052ae5989056c6 --incr --debug typical --relax --mt 2 -L xil_defaultlib -L unisims_ver -L unimacro_ver -L secureip --snapshot Log_multiplier_tb_behav xil_defaultlib.Log_multiplier_tb xil_defaultlib.glbl -log elaborate.log 
Using 2 slave threads.
Starting static elaboration
Pass Through NonSizing Optimizer
WARNING: [VRFC 10-5021] port 'clk' is not connected on this instance [C:/Users/LABAdmin/Downloads/Log_Mulitplier/Log_Mulitplier/Log_Mulitplier/Log_Mulitplier.srcs/sim_1/new/Log_multiplier_tb.v:27]
Completed static elaboration
Starting simulation data flow analysis
Completed simulation data flow analysis
Time Resolution for simulation is 1ps
Compiling module xil_defaultlib.priority_encoder_1
Compiling module xil_defaultlib.priority_encoder_valid
Compiling module xil_defaultlib.Mux_for_priority_encoder
Compiling module xil_defaultlib.Shifter
Compiling module xil_defaultlib.Adder
Compiling module xil_defaultlib.Mux_result_production
Compiling module xil_defaultlib.Shifter_result_production
Compiling module xil_defaultlib.Log_Multiplier
Compiling module xil_defaultlib.Log_multiplier_tb
Compiling module xil_defaultlib.glbl
Built simulation snapshot Log_multiplier_tb_behav
INFO: [USF-XSim-69] 'elaborate' step finished in '3' seconds
INFO: [USF-XSim-4] XSim::Simulate design
INFO: [USF-XSim-61] Executing 'SIMULATE' step in 'C:/Users/LABAdmin/Downloads/Log_Mulitplier/Log_Mulitplier/Log_Mulitplier/Log_Mulitplier.sim/sim_1/behav/xsim'
INFO: [USF-XSim-98] *** Running xsim
   with args "Log_multiplier_tb_behav -key {Behavioral:sim_1:Functional:Log_multiplier_tb} -tclbatch {Log_multiplier_tb.tcl} -log {simulate.log}"
INFO: [USF-XSim-8] Loading simulator feature
Vivado Simulator 2019.2
Time resolution is 1 ps
source Log_multiplier_tb.tcl
# set curr_wave [current_wave_config]
# if { [string length $curr_wave] == 0 } {
#   if { [llength [get_objects]] > 0} {
#     add_wave /
#     set_property needs_save false [current_wave_config]
#   } else {
#      send_msg_id Add_Wave-1 WARNING "No top level signals found. Simulator will start without a wave window. If you want to open a wave window go to 'File->New Waveform Configuration' or type 'create_wave_config' in the TCL console."
#   }
# }
# run 1000ns
INFO: [USF-XSim-96] XSim completed. Design snapshot 'Log_multiplier_tb_behav' loaded.
INFO: [USF-XSim-97] XSim simulation ran for 1000ns
launch_simulation: Time (s): cpu = 00:00:01 ; elapsed = 00:00:10 . Memory (MB): peak = 1169.645 ; gain = 0.000
close_sim
INFO: [Simtcl 6-16] Simulation closed
exit
INFO: [Common 17-206] Exiting Vivado at Fri Jun 20 18:51:07 2025...
