#-----------------------------------------------------------
# Vivado v2019.2 (64-bit)
# SW Build 2708876 on Wed Nov  6 21:40:23 MST 2019
# IP Build 2700528 on Thu Nov  7 00:09:20 MST 2019
# Start of session at: Fri Jun 20 18:51:25 2025
# Process ID: 9992
# Current directory: C:/Users/LABAdmin/Downloads/Log_Mulitplier/Log_Mulitplier/Log_Mulitplier
# Command line: vivado.exe -gui_launcher_event rodinguilauncherevent10772 C:\Users\LABAdmin\Downloads\Log_Mulitplier\Log_Mulitplier\Log_Mulitplier\Log_Mulitplier.xpr
# Log file: C:/Users/LABAdmin/Downloads/Log_Mulitplier/Log_Mulitplier/Log_Mulitplier/vivado.log
# Journal file: C:/Users/LABAdmin/Downloads/Log_Mulitplier/Log_Mulitplier/Log_Mulitplier\vivado.jou
#-----------------------------------------------------------
start_gui
open_project C:/Users/LABAdmin/Downloads/Log_Mulitplier/Log_Mulitplier/Log_Mulitplier/Log_Mulitplier.xpr
Scanning sources...
Finished scanning sources
WARNING: [filemgmt 56-3] Board Part Repository Path: Could not find the directory 'C:/Users/LABAdmin/Downloads/Log_Mulitplier/Log_Mulitplier/AppData/Roaming/Xilinx/Vivado/2019.2/xhub/board_store'.
INFO: [IP_Flow 19-234] Refreshing IP repositories
INFO: [IP_Flow 19-1704] No user IP repositories specified
INFO: [IP_Flow 19-2313] Loaded Vivado IP repository 'C:/Xilinx/Vivado/2019.2/data/ip'.
update_compile_order -fileset sources_1
exit
INFO: [Common 17-206] Exiting Vivado at Fri Jun 20 18:51:53 2025...
