Vivado Simulator 2019.2
Copyright 1986-1999, 2001-2019 Xilinx, Inc. All Rights Reserved.
Running: C:/Xilinx/Vivado/2019.2/bin/unwrapped/win64.o/xelab.exe -wto 7ef8a29d3bcd4d188a052ae5989056c6 --incr --debug typical --relax --mt 2 -L xil_defaultlib -L unisims_ver -L unimacro_ver -L secureip --snapshot Log_multiplier_tb_behav xil_defaultlib.Log_multiplier_tb xil_defaultlib.glbl -log elaborate.log 
Using 2 slave threads.
Starting static elaboration
Pass Through NonSizing Optimizer
WARNING: [VRFC 10-5021] port 'clk' is not connected on this instance [C:/Users/LABAdmin/Downloads/Log_Mulitplier/Log_Mulitplier/Log_Mulitplier/Log_Mulitplier.srcs/sim_1/new/Log_multiplier_tb.v:27]
Completed static elaboration
Starting simulation data flow analysis
Completed simulation data flow analysis
Time Resolution for simulation is 1ps
Compiling module xil_defaultlib.priority_encoder_1
Compiling module xil_defaultlib.priority_encoder_valid
Compiling module xil_defaultlib.Mux_for_priority_encoder
Compiling module xil_defaultlib.Shifter
Compiling module xil_defaultlib.Adder
Compiling module xil_defaultlib.Mux_result_production
Compiling module xil_defaultlib.Shifter_result_production
Compiling module xil_defaultlib.Log_Multiplier
Compiling module xil_defaultlib.Log_multiplier_tb
Compiling module xil_defaultlib.glbl
Built simulation snapshot Log_multiplier_tb_behav
